// Jest Snapshot v1, https://goo.gl/fbAQLP

exports[`renders and matches snapshot Data Table with tabs 1`] = `
<div
  className="data-table-wrapper "
  withTabs={true}
>
  <div
    className="data-table-top-toolbar "
  >
    <div
      className="tabs "
    >
      <div
        className="tab-list"
      >
        <button
          className="tab-list-item active"
          id="item1"
          onClick={[Function]}
          type="button"
        >
          Tab label 01
        </button>
        <button
          className="tab-list-item "
          id="item2"
          onClick={[Function]}
          type="button"
        >
          Tab label 02
        </button>
      </div>
      <div
        className="tab-content"
        id="item1-content"
        title="Tab label 01"
      />
    </div>
    <div
      className="input-container "
    >
      <span
        className="material-icons search"
      >
        search
      </span>
      <input
        className="searchbox_small"
        onChange={[Function]}
        placeholder="Search"
        type="search"
        value=""
      />
    </div>
    <button
      className="button-secondary"
    >
      Button 02
    </button>
    <button
      className="button-primary"
    >
      Button 01
    </button>
  </div>
  <div
    className="data-table-action-bar "
  >
    <span
      className="data-table-items-selected"
    >
      8 items selected
    </span>
    <div
      className="data-table-action-items"
    >
      <a
        href="#"
      >
        Action
      </a>
      <a
        href="#"
      >
        Action
      </a>
      <a
        href="#"
      >
        Action
      </a>
      <a
        href="#"
      >
        Action
      </a>
      <a
        href="#"
      >
        Action
      </a>
    </div>
  </div>
  <div
    className="table-rotate-device"
  >
    <span
      className="material-icons"
    >
      screen_rotation
    </span>
    <span
      className="table-rotate-device-text"
    >
      Rotate your device
    </span>
  </div>
  <div
    className="table-wrapper"
  >
    <table
      className=""
      data-testid=""
    >
      <thead
        className=""
      >
        <tr
          className=""
          tabIndex={0}
        >
          <td
            className=""
          >
            <div
              className="table-content"
            >
              <div
                className="checkbox-container"
              >
                <input
                  id="checkbox"
                  onChange={[Function]}
                  type="checkbox"
                />
              </div>
            </div>
          </td>
          <td
            className=""
          >
            <div
              className="table-content"
            >
              Label
            </div>
          </td>
          <td
            className=""
          >
            <div
              className="table-content"
            >
              Label
            </div>
          </td>
          <td
            className=""
          >
            <div
              className="table-content"
            >
              Label
            </div>
          </td>
          <td
            className=""
          >
            <div
              className="table-content"
            >
              Label
            </div>
          </td>
          <td
            className=""
          >
            <div
              className="table-content"
            >
              Label
            </div>
          </td>
          <td
            className=""
          >
            <div
              className="table-content"
            >
              Label
            </div>
          </td>
          <td
            className=""
          >
            <div
              className="table-content"
            >
              Label
            </div>
          </td>
          <td
            className=""
          >
            <div
              className="table-content"
            >
              <div
                className="checkbox-container"
              >
                <input
                  id="checkbox"
                  onChange={[Function]}
                  type="checkbox"
                />
              </div>
            </div>
          </td>
        </tr>
      </thead>
      <tbody
        className="rest"
      >
        <tr
          className=""
          onClick={[Function]}
          tabIndex={0}
        >
          <td
            className=""
          >
            <div
              className="table-content"
            >
              <div
                className="checkbox-container"
              >
                <input
                  id="checkbox"
                  onChange={[Function]}
                  type="checkbox"
                />
              </div>
            </div>
          </td>
          <td
            className=""
          >
            <div
              className="table-content"
            >
              Content
            </div>
          </td>
          <td
            className=""
          >
            <div
              className="table-content"
            >
              Content
            </div>
          </td>
          <td
            className=""
          >
            <div
              className="table-content"
            >
              Content
            </div>
          </td>
          <td
            className=""
          >
            <div
              className="table-content"
            >
              Content
            </div>
          </td>
          <td
            className=""
          >
            <div
              className="table-content"
            >
              Content
            </div>
          </td>
          <td
            className=""
          >
            <div
              className="table-content"
            >
              Content
            </div>
          </td>
          <td
            className=""
          >
            <div
              className="table-content"
            >
              Content
            </div>
          </td>
          <td
            className=""
          >
            <div
              className="table-content"
            >
              <div
                className="checkbox-container"
              >
                <input
                  id="checkbox"
                  onChange={[Function]}
                  type="checkbox"
                />
              </div>
            </div>
          </td>
        </tr>
        <tr
          className=""
          onClick={[Function]}
          tabIndex={0}
        >
          <td
            className=""
          >
            <div
              className="table-content"
            >
              <div
                className="checkbox-container"
              >
                <input
                  id="checkbox"
                  onChange={[Function]}
                  type="checkbox"
                />
              </div>
            </div>
          </td>
          <td
            className=""
          >
            <div
              className="table-content"
            >
              Content
            </div>
          </td>
          <td
            className=""
          >
            <div
              className="table-content"
            >
              Content
            </div>
          </td>
          <td
            className=""
          >
            <div
              className="table-content"
            >
              Content
            </div>
          </td>
          <td
            className=""
          >
            <div
              className="table-content"
            >
              Content
            </div>
          </td>
          <td
            className=""
          >
            <div
              className="table-content"
            >
              Content
            </div>
          </td>
          <td
            className=""
          >
            <div
              className="table-content"
            >
              Content
            </div>
          </td>
          <td
            className=""
          >
            <div
              className="table-content"
            >
              Content
            </div>
          </td>
          <td
            className=""
          >
            <div
              className="table-content"
            >
              <div
                className="checkbox-container"
              >
                <input
                  id="checkbox"
                  onChange={[Function]}
                  type="checkbox"
                />
              </div>
            </div>
          </td>
        </tr>
        <tr
          className=""
          onClick={[Function]}
          tabIndex={0}
        >
          <td
            className=""
          >
            <div
              className="table-content"
            >
              <div
                className="checkbox-container"
              >
                <input
                  id="checkbox"
                  onChange={[Function]}
                  type="checkbox"
                />
              </div>
            </div>
          </td>
          <td
            className=""
          >
            <div
              className="table-content"
            >
              Content
            </div>
          </td>
          <td
            className=""
          >
            <div
              className="table-content"
            >
              Content
            </div>
          </td>
          <td
            className=""
          >
            <div
              className="table-content"
            >
              Content
            </div>
          </td>
          <td
            className=""
          >
            <div
              className="table-content"
            >
              Content
            </div>
          </td>
          <td
            className=""
          >
            <div
              className="table-content"
            >
              Content
            </div>
          </td>
          <td
            className=""
          >
            <div
              className="table-content"
            >
              Content
            </div>
          </td>
          <td
            className=""
          >
            <div
              className="table-content"
            >
              Content
            </div>
          </td>
          <td
            className=""
          >
            <div
              className="table-content"
            >
              <div
                className="checkbox-container"
              >
                <input
                  id="checkbox"
                  onChange={[Function]}
                  type="checkbox"
                />
              </div>
            </div>
          </td>
        </tr>
        <tr
          className=""
          onClick={[Function]}
          tabIndex={0}
        >
          <td
            className=""
          >
            <div
              className="table-content"
            >
              <div
                className="checkbox-container"
              >
                <input
                  id="checkbox"
                  onChange={[Function]}
                  type="checkbox"
                />
              </div>
            </div>
          </td>
          <td
            className=""
          >
            <div
              className="table-content"
            >
              Content
            </div>
          </td>
          <td
            className=""
          >
            <div
              className="table-content"
            >
              Content
            </div>
          </td>
          <td
            className=""
          >
            <div
              className="table-content"
            >
              Content
            </div>
          </td>
          <td
            className=""
          >
            <div
              className="table-content"
            >
              Content
            </div>
          </td>
          <td
            className=""
          >
            <div
              className="table-content"
            >
              Content
            </div>
          </td>
          <td
            className=""
          >
            <div
              className="table-content"
            >
              Content
            </div>
          </td>
          <td
            className=""
          >
            <div
              className="table-content"
            >
              Content
            </div>
          </td>
          <td
            className=""
          >
            <div
              className="table-content"
            >
              <div
                className="checkbox-container"
              >
                <input
                  id="checkbox"
                  onChange={[Function]}
                  type="checkbox"
                />
              </div>
            </div>
          </td>
        </tr>
        <tr
          className=""
          onClick={[Function]}
          tabIndex={0}
        >
          <td
            className=""
          >
            <div
              className="table-content"
            >
              <div
                className="checkbox-container"
              >
                <input
                  id="checkbox"
                  onChange={[Function]}
                  type="checkbox"
                />
              </div>
            </div>
          </td>
          <td
            className=""
          >
            <div
              className="table-content"
            >
              Content
            </div>
          </td>
          <td
            className=""
          >
            <div
              className="table-content"
            >
              Content
            </div>
          </td>
          <td
            className=""
          >
            <div
              className="table-content"
            >
              Content
            </div>
          </td>
          <td
            className=""
          >
            <div
              className="table-content"
            >
              Content
            </div>
          </td>
          <td
            className=""
          >
            <div
              className="table-content"
            >
              Content
            </div>
          </td>
          <td
            className=""
          >
            <div
              className="table-content"
            >
              Content
            </div>
          </td>
          <td
            className=""
          >
            <div
              className="table-content"
            >
              Content
            </div>
          </td>
          <td
            className=""
          >
            <div
              className="table-content"
            >
              <div
                className="checkbox-container"
              >
                <input
                  id="checkbox"
                  onChange={[Function]}
                  type="checkbox"
                />
              </div>
            </div>
          </td>
        </tr>
      </tbody>
    </table>
  </div>
  <div
    className="data-table-paginator"
  >
    <div
      className="paginator "
    >
      <button
        className="paginator-page_active"
        onClick={[Function]}
        type="button"
      >
        1
      </button>
      <button
        className="paginator-page"
        onClick={[Function]}
        type="button"
      >
        2
      </button>
      <button
        className="paginator-page"
        onClick={[Function]}
        type="button"
      >
        3
      </button>
    </div>
  </div>
</div>
`;

exports[`renders and matches snapshot default Data Table 1`] = `
<div
  className="data-table-wrapper "
>
  <div
    className="data-table-top-toolbar "
  >
    <div
      className="input-container "
    >
      <span
        className="material-icons search"
      >
        search
      </span>
      <input
        className="searchbox_small"
        onChange={[Function]}
        placeholder="Search"
        type="search"
        value=""
      />
    </div>
    <button
      className="button-secondary"
    >
      Button 02
    </button>
    <button
      className="button-primary"
    >
      Button 01
    </button>
  </div>
  <div
    className="data-table-action-bar "
  >
    <span
      className="data-table-items-selected"
    >
      8 items selected
    </span>
    <div
      className="data-table-action-items"
    >
      <a
        href="#"
      >
        Action
      </a>
      <a
        href="#"
      >
        Action
      </a>
      <a
        href="#"
      >
        Action
      </a>
      <a
        href="#"
      >
        Action
      </a>
      <a
        href="#"
      >
        Action
      </a>
    </div>
  </div>
  <div
    className="table-rotate-device"
  >
    <span
      className="material-icons"
    >
      screen_rotation
    </span>
    <span
      className="table-rotate-device-text"
    >
      Rotate your device
    </span>
  </div>
  <div
    className="table-wrapper"
  >
    <table
      className=""
      data-testid=""
    >
      <thead
        className=""
      >
        <tr
          className=""
          tabIndex={0}
        >
          <td
            className=""
          >
            <div
              className="table-content"
            >
              <div
                className="checkbox-container"
              >
                <input
                  id="checkbox"
                  onChange={[Function]}
                  type="checkbox"
                />
              </div>
            </div>
          </td>
          <td
            className=""
          >
            <div
              className="table-content"
            >
              Label
            </div>
          </td>
          <td
            className=""
          >
            <div
              className="table-content"
            >
              Label
            </div>
          </td>
          <td
            className=""
          >
            <div
              className="table-content"
            >
              Label
            </div>
          </td>
          <td
            className=""
          >
            <div
              className="table-content"
            >
              Label
            </div>
          </td>
          <td
            className=""
          >
            <div
              className="table-content"
            >
              Label
            </div>
          </td>
          <td
            className=""
          >
            <div
              className="table-content"
            >
              Label
            </div>
          </td>
          <td
            className=""
          >
            <div
              className="table-content"
            >
              Label
            </div>
          </td>
          <td
            className=""
          >
            <div
              className="table-content"
            >
              <div
                className="checkbox-container"
              >
                <input
                  id="checkbox"
                  onChange={[Function]}
                  type="checkbox"
                />
              </div>
            </div>
          </td>
        </tr>
      </thead>
      <tbody
        className="rest"
      >
        <tr
          className=""
          onClick={[Function]}
          tabIndex={0}
        >
          <td
            className=""
          >
            <div
              className="table-content"
            >
              <div
                className="checkbox-container"
              >
                <input
                  id="checkbox"
                  onChange={[Function]}
                  type="checkbox"
                />
              </div>
            </div>
          </td>
          <td
            className=""
          >
            <div
              className="table-content"
            >
              Content
            </div>
          </td>
          <td
            className=""
          >
            <div
              className="table-content"
            >
              Content
            </div>
          </td>
          <td
            className=""
          >
            <div
              className="table-content"
            >
              Content
            </div>
          </td>
          <td
            className=""
          >
            <div
              className="table-content"
            >
              Content
            </div>
          </td>
          <td
            className=""
          >
            <div
              className="table-content"
            >
              Content
            </div>
          </td>
          <td
            className=""
          >
            <div
              className="table-content"
            >
              Content
            </div>
          </td>
          <td
            className=""
          >
            <div
              className="table-content"
            >
              Content
            </div>
          </td>
          <td
            className=""
          >
            <div
              className="table-content"
            >
              <div
                className="checkbox-container"
              >
                <input
                  id="checkbox"
                  onChange={[Function]}
                  type="checkbox"
                />
              </div>
            </div>
          </td>
        </tr>
        <tr
          className=""
          onClick={[Function]}
          tabIndex={0}
        >
          <td
            className=""
          >
            <div
              className="table-content"
            >
              <div
                className="checkbox-container"
              >
                <input
                  id="checkbox"
                  onChange={[Function]}
                  type="checkbox"
                />
              </div>
            </div>
          </td>
          <td
            className=""
          >
            <div
              className="table-content"
            >
              Content
            </div>
          </td>
          <td
            className=""
          >
            <div
              className="table-content"
            >
              Content
            </div>
          </td>
          <td
            className=""
          >
            <div
              className="table-content"
            >
              Content
            </div>
          </td>
          <td
            className=""
          >
            <div
              className="table-content"
            >
              Content
            </div>
          </td>
          <td
            className=""
          >
            <div
              className="table-content"
            >
              Content
            </div>
          </td>
          <td
            className=""
          >
            <div
              className="table-content"
            >
              Content
            </div>
          </td>
          <td
            className=""
          >
            <div
              className="table-content"
            >
              Content
            </div>
          </td>
          <td
            className=""
          >
            <div
              className="table-content"
            >
              <div
                className="checkbox-container"
              >
                <input
                  id="checkbox"
                  onChange={[Function]}
                  type="checkbox"
                />
              </div>
            </div>
          </td>
        </tr>
        <tr
          className=""
          onClick={[Function]}
          tabIndex={0}
        >
          <td
            className=""
          >
            <div
              className="table-content"
            >
              <div
                className="checkbox-container"
              >
                <input
                  id="checkbox"
                  onChange={[Function]}
                  type="checkbox"
                />
              </div>
            </div>
          </td>
          <td
            className=""
          >
            <div
              className="table-content"
            >
              Content
            </div>
          </td>
          <td
            className=""
          >
            <div
              className="table-content"
            >
              Content
            </div>
          </td>
          <td
            className=""
          >
            <div
              className="table-content"
            >
              Content
            </div>
          </td>
          <td
            className=""
          >
            <div
              className="table-content"
            >
              Content
            </div>
          </td>
          <td
            className=""
          >
            <div
              className="table-content"
            >
              Content
            </div>
          </td>
          <td
            className=""
          >
            <div
              className="table-content"
            >
              Content
            </div>
          </td>
          <td
            className=""
          >
            <div
              className="table-content"
            >
              Content
            </div>
          </td>
          <td
            className=""
          >
            <div
              className="table-content"
            >
              <div
                className="checkbox-container"
              >
                <input
                  id="checkbox"
                  onChange={[Function]}
                  type="checkbox"
                />
              </div>
            </div>
          </td>
        </tr>
        <tr
          className=""
          onClick={[Function]}
          tabIndex={0}
        >
          <td
            className=""
          >
            <div
              className="table-content"
            >
              <div
                className="checkbox-container"
              >
                <input
                  id="checkbox"
                  onChange={[Function]}
                  type="checkbox"
                />
              </div>
            </div>
          </td>
          <td
            className=""
          >
            <div
              className="table-content"
            >
              Content
            </div>
          </td>
          <td
            className=""
          >
            <div
              className="table-content"
            >
              Content
            </div>
          </td>
          <td
            className=""
          >
            <div
              className="table-content"
            >
              Content
            </div>
          </td>
          <td
            className=""
          >
            <div
              className="table-content"
            >
              Content
            </div>
          </td>
          <td
            className=""
          >
            <div
              className="table-content"
            >
              Content
            </div>
          </td>
          <td
            className=""
          >
            <div
              className="table-content"
            >
              Content
            </div>
          </td>
          <td
            className=""
          >
            <div
              className="table-content"
            >
              Content
            </div>
          </td>
          <td
            className=""
          >
            <div
              className="table-content"
            >
              <div
                className="checkbox-container"
              >
                <input
                  id="checkbox"
                  onChange={[Function]}
                  type="checkbox"
                />
              </div>
            </div>
          </td>
        </tr>
        <tr
          className=""
          onClick={[Function]}
          tabIndex={0}
        >
          <td
            className=""
          >
            <div
              className="table-content"
            >
              <div
                className="checkbox-container"
              >
                <input
                  id="checkbox"
                  onChange={[Function]}
                  type="checkbox"
                />
              </div>
            </div>
          </td>
          <td
            className=""
          >
            <div
              className="table-content"
            >
              Content
            </div>
          </td>
          <td
            className=""
          >
            <div
              className="table-content"
            >
              Content
            </div>
          </td>
          <td
            className=""
          >
            <div
              className="table-content"
            >
              Content
            </div>
          </td>
          <td
            className=""
          >
            <div
              className="table-content"
            >
              Content
            </div>
          </td>
          <td
            className=""
          >
            <div
              className="table-content"
            >
              Content
            </div>
          </td>
          <td
            className=""
          >
            <div
              className="table-content"
            >
              Content
            </div>
          </td>
          <td
            className=""
          >
            <div
              className="table-content"
            >
              Content
            </div>
          </td>
          <td
            className=""
          >
            <div
              className="table-content"
            >
              <div
                className="checkbox-container"
              >
                <input
                  id="checkbox"
                  onChange={[Function]}
                  type="checkbox"
                />
              </div>
            </div>
          </td>
        </tr>
      </tbody>
    </table>
  </div>
  <div
    className="data-table-paginator"
  >
    <div
      className="paginator "
    >
      <button
        className="paginator-page_active"
        onClick={[Function]}
        type="button"
      >
        1
      </button>
      <button
        className="paginator-page"
        onClick={[Function]}
        type="button"
      >
        2
      </button>
      <button
        className="paginator-page"
        onClick={[Function]}
        type="button"
      >
        3
      </button>
    </div>
  </div>
</div>
`;

exports[`renders and matches snapshot default Data Table wit class name 1`] = `
<div
  className="data-table-wrapper.stepone-ui"
>
  <div
    className="data-table-top-toolbar "
  >
    <div
      className="input-container "
    >
      <span
        className="material-icons search"
      >
        search
      </span>
      <input
        className="searchbox_small"
        onChange={[Function]}
        placeholder="Search"
        type="search"
        value=""
      />
    </div>
    <button
      className="button-secondary"
    >
      Button 02
    </button>
    <button
      className="button-primary"
    >
      Button 01
    </button>
  </div>
  <div
    className="data-table-action-bar "
  >
    <span
      className="data-table-items-selected"
    >
      8 items selected
    </span>
    <div
      className="data-table-action-items"
    >
      <a
        href="#"
      >
        Action
      </a>
      <a
        href="#"
      >
        Action
      </a>
      <a
        href="#"
      >
        Action
      </a>
      <a
        href="#"
      >
        Action
      </a>
      <a
        href="#"
      >
        Action
      </a>
    </div>
  </div>
  <div
    className="table-rotate-device"
  >
    <span
      className="material-icons"
    >
      screen_rotation
    </span>
    <span
      className="table-rotate-device-text"
    >
      Rotate your device
    </span>
  </div>
  <div
    className="table-wrapper"
  >
    <table
      className=""
      data-testid=""
    >
      <thead
        className=""
      >
        <tr
          className=""
          tabIndex={0}
        >
          <td
            className=""
          >
            <div
              className="table-content"
            >
              <div
                className="checkbox-container"
              >
                <input
                  id="checkbox"
                  onChange={[Function]}
                  type="checkbox"
                />
              </div>
            </div>
          </td>
          <td
            className=""
          >
            <div
              className="table-content"
            >
              Label
            </div>
          </td>
          <td
            className=""
          >
            <div
              className="table-content"
            >
              Label
            </div>
          </td>
          <td
            className=""
          >
            <div
              className="table-content"
            >
              Label
            </div>
          </td>
          <td
            className=""
          >
            <div
              className="table-content"
            >
              Label
            </div>
          </td>
          <td
            className=""
          >
            <div
              className="table-content"
            >
              Label
            </div>
          </td>
          <td
            className=""
          >
            <div
              className="table-content"
            >
              Label
            </div>
          </td>
          <td
            className=""
          >
            <div
              className="table-content"
            >
              Label
            </div>
          </td>
          <td
            className=""
          >
            <div
              className="table-content"
            >
              <div
                className="checkbox-container"
              >
                <input
                  id="checkbox"
                  onChange={[Function]}
                  type="checkbox"
                />
              </div>
            </div>
          </td>
        </tr>
      </thead>
      <tbody
        className="rest"
      >
        <tr
          className=""
          onClick={[Function]}
          tabIndex={0}
        >
          <td
            className=""
          >
            <div
              className="table-content"
            >
              <div
                className="checkbox-container"
              >
                <input
                  id="checkbox"
                  onChange={[Function]}
                  type="checkbox"
                />
              </div>
            </div>
          </td>
          <td
            className=""
          >
            <div
              className="table-content"
            >
              Content
            </div>
          </td>
          <td
            className=""
          >
            <div
              className="table-content"
            >
              Content
            </div>
          </td>
          <td
            className=""
          >
            <div
              className="table-content"
            >
              Content
            </div>
          </td>
          <td
            className=""
          >
            <div
              className="table-content"
            >
              Content
            </div>
          </td>
          <td
            className=""
          >
            <div
              className="table-content"
            >
              Content
            </div>
          </td>
          <td
            className=""
          >
            <div
              className="table-content"
            >
              Content
            </div>
          </td>
          <td
            className=""
          >
            <div
              className="table-content"
            >
              Content
            </div>
          </td>
          <td
            className=""
          >
            <div
              className="table-content"
            >
              <div
                className="checkbox-container"
              >
                <input
                  id="checkbox"
                  onChange={[Function]}
                  type="checkbox"
                />
              </div>
            </div>
          </td>
        </tr>
        <tr
          className=""
          onClick={[Function]}
          tabIndex={0}
        >
          <td
            className=""
          >
            <div
              className="table-content"
            >
              <div
                className="checkbox-container"
              >
                <input
                  id="checkbox"
                  onChange={[Function]}
                  type="checkbox"
                />
              </div>
            </div>
          </td>
          <td
            className=""
          >
            <div
              className="table-content"
            >
              Content
            </div>
          </td>
          <td
            className=""
          >
            <div
              className="table-content"
            >
              Content
            </div>
          </td>
          <td
            className=""
          >
            <div
              className="table-content"
            >
              Content
            </div>
          </td>
          <td
            className=""
          >
            <div
              className="table-content"
            >
              Content
            </div>
          </td>
          <td
            className=""
          >
            <div
              className="table-content"
            >
              Content
            </div>
          </td>
          <td
            className=""
          >
            <div
              className="table-content"
            >
              Content
            </div>
          </td>
          <td
            className=""
          >
            <div
              className="table-content"
            >
              Content
            </div>
          </td>
          <td
            className=""
          >
            <div
              className="table-content"
            >
              <div
                className="checkbox-container"
              >
                <input
                  id="checkbox"
                  onChange={[Function]}
                  type="checkbox"
                />
              </div>
            </div>
          </td>
        </tr>
        <tr
          className=""
          onClick={[Function]}
          tabIndex={0}
        >
          <td
            className=""
          >
            <div
              className="table-content"
            >
              <div
                className="checkbox-container"
              >
                <input
                  id="checkbox"
                  onChange={[Function]}
                  type="checkbox"
                />
              </div>
            </div>
          </td>
          <td
            className=""
          >
            <div
              className="table-content"
            >
              Content
            </div>
          </td>
          <td
            className=""
          >
            <div
              className="table-content"
            >
              Content
            </div>
          </td>
          <td
            className=""
          >
            <div
              className="table-content"
            >
              Content
            </div>
          </td>
          <td
            className=""
          >
            <div
              className="table-content"
            >
              Content
            </div>
          </td>
          <td
            className=""
          >
            <div
              className="table-content"
            >
              Content
            </div>
          </td>
          <td
            className=""
          >
            <div
              className="table-content"
            >
              Content
            </div>
          </td>
          <td
            className=""
          >
            <div
              className="table-content"
            >
              Content
            </div>
          </td>
          <td
            className=""
          >
            <div
              className="table-content"
            >
              <div
                className="checkbox-container"
              >
                <input
                  id="checkbox"
                  onChange={[Function]}
                  type="checkbox"
                />
              </div>
            </div>
          </td>
        </tr>
        <tr
          className=""
          onClick={[Function]}
          tabIndex={0}
        >
          <td
            className=""
          >
            <div
              className="table-content"
            >
              <div
                className="checkbox-container"
              >
                <input
                  id="checkbox"
                  onChange={[Function]}
                  type="checkbox"
                />
              </div>
            </div>
          </td>
          <td
            className=""
          >
            <div
              className="table-content"
            >
              Content
            </div>
          </td>
          <td
            className=""
          >
            <div
              className="table-content"
            >
              Content
            </div>
          </td>
          <td
            className=""
          >
            <div
              className="table-content"
            >
              Content
            </div>
          </td>
          <td
            className=""
          >
            <div
              className="table-content"
            >
              Content
            </div>
          </td>
          <td
            className=""
          >
            <div
              className="table-content"
            >
              Content
            </div>
          </td>
          <td
            className=""
          >
            <div
              className="table-content"
            >
              Content
            </div>
          </td>
          <td
            className=""
          >
            <div
              className="table-content"
            >
              Content
            </div>
          </td>
          <td
            className=""
          >
            <div
              className="table-content"
            >
              <div
                className="checkbox-container"
              >
                <input
                  id="checkbox"
                  onChange={[Function]}
                  type="checkbox"
                />
              </div>
            </div>
          </td>
        </tr>
        <tr
          className=""
          onClick={[Function]}
          tabIndex={0}
        >
          <td
            className=""
          >
            <div
              className="table-content"
            >
              <div
                className="checkbox-container"
              >
                <input
                  id="checkbox"
                  onChange={[Function]}
                  type="checkbox"
                />
              </div>
            </div>
          </td>
          <td
            className=""
          >
            <div
              className="table-content"
            >
              Content
            </div>
          </td>
          <td
            className=""
          >
            <div
              className="table-content"
            >
              Content
            </div>
          </td>
          <td
            className=""
          >
            <div
              className="table-content"
            >
              Content
            </div>
          </td>
          <td
            className=""
          >
            <div
              className="table-content"
            >
              Content
            </div>
          </td>
          <td
            className=""
          >
            <div
              className="table-content"
            >
              Content
            </div>
          </td>
          <td
            className=""
          >
            <div
              className="table-content"
            >
              Content
            </div>
          </td>
          <td
            className=""
          >
            <div
              className="table-content"
            >
              Content
            </div>
          </td>
          <td
            className=""
          >
            <div
              className="table-content"
            >
              <div
                className="checkbox-container"
              >
                <input
                  id="checkbox"
                  onChange={[Function]}
                  type="checkbox"
                />
              </div>
            </div>
          </td>
        </tr>
      </tbody>
    </table>
  </div>
  <div
    className="data-table-paginator"
  >
    <div
      className="paginator "
    >
      <button
        className="paginator-page_active"
        onClick={[Function]}
        type="button"
      >
        1
      </button>
      <button
        className="paginator-page"
        onClick={[Function]}
        type="button"
      >
        2
      </button>
      <button
        className="paginator-page"
        onClick={[Function]}
        type="button"
      >
        3
      </button>
    </div>
  </div>
</div>
`;
