// Jest Snapshot v1, https://goo.gl/fbAQLP

exports[`Figure card funcionality Figure card only with number 1`] = `
<div
  class="card_figure "
  data-testid="figure-card"
>
  <div
    class="card-figure "
  >
    00
  </div>
</div>
`;

exports[`Figure card snapshots Figure card 1`] = `
<div>
  <div
    class="card_figure "
  >
    <div
      class="card-figure "
    >
      <span
        class="card-float-icon  "
      >
        collections
      </span>
      00
    </div>
    <div
      class="card-header "
    >
      <h4>
        This is a title
      </h4>
    </div>
    <div
      class="card-body "
    >
      This is a Figure in horizontal disposition
    </div>
  </div>
</div>
`;
