// Jest Snapshot v1, https://goo.gl/fbAQLP

exports[`Checkbox Input should render 1`] = `
<div
  className="tag-ds inline-input-container checkbox-container  validation-required  form-control test-checkbox"
>
  <input
    checked={true}
    className=""
    data-testid="checkbox-myInput"
    name="myInput"
    onChange={[Function]}
    type="checkbox"
    value="value"
  />
  <label
    className=""
  >
    <small
      className="required"
    >
      *
    </small>
    <span
      className="label-text"
    >
      checkbox 1
    </span>
  </label>
</div>
`;
