// Jest Snapshot v1, https://goo.gl/fbAQLP

exports[`Date Input match snapshot 1`] = `
<div
  className="input-wrapper  validation-required  form-control"
>
  <div
    className="dropdown datepicker-wrapper"
    data-show={false}
  >
    <div
      className="dropdown-button datepicker-container"
      onClick={[Function]}
    >
      <div
        className="input-container"
      >
        <input
          autoComplete="off"
          name="myDate"
          onChange={[Function]}
          type="date"
          value="01/01/2020"
        />
      </div>
    </div>
  </div>
</div>
`;
