// Jest Snapshot v1, https://goo.gl/fbAQLP

exports[`Should match snapshot 1`] = `
<form
  className=""
  noValidate={true}
  onSubmit={[Function]}
>
  <div
    className="input-wrapper input-wrapper  validation-required  "
  >
    <label
      className="caption"
    >
      <small
        className="required"
      >
        *
      </small>
      <span
        className="label-text"
      >
        Text input
      </span>
    </label>
    <div
      className="input-container"
    >
      <input
        name="textInput"
        onChange={[Function]}
        onKeyDown={[Function]}
        onKeyPress={[Function]}
        onKeyUp={[Function]}
        placeholder="enabled"
        type="text"
        value=""
      />
    </div>
  </div>
  <div
    className="input-wrapper  validation-required  "
  >
    <label
      className="caption"
    >
      <small
        className="required"
      >
        *
      </small>
      <span
        className="label-text"
      >
        Textarea label
      </span>
    </label>
    <textarea
      name="textAreaInput"
      onChange={[Function]}
      placeholder="Textarea placeholder"
      value=""
    />
  </div>
  <div
    className="tag-ds inline-input-container checkbox-container  validation-required  "
  >
    <input
      checked={false}
      className=""
      data-testid="checkbox-checkbox"
      name="checkbox"
      onChange={[Function]}
      type="checkbox"
      value="value1"
    />
    <label
      className=""
    >
      <small
        className="required"
      >
        *
      </small>
      <span
        className="label-text"
      >
        checkbox 1
      </span>
    </label>
  </div>
  <div
    className="tag-ds inline-input-container checkbox-container  validation-required  checkbox1"
  >
    <input
      checked={false}
      className=""
      data-testid="checkbox-checkbox"
      name="checkbox"
      onChange={[Function]}
      type="checkbox"
      value="value2"
    />
    <label
      className=""
    >
      <small
        className="required"
      >
        *
      </small>
      <span
        className="label-text"
      >
        checkbox 1
      </span>
    </label>
  </div>
  <div
    className="tag-ds inline-input-container checkbox-container  validation-required  "
  >
    <input
      checked={false}
      className=""
      data-testid="checkbox-checkbox"
      name="checkbox"
      onChange={[Function]}
      type="checkbox"
      value="value 3"
    />
    <label
      className=""
    >
      <small
        className="required"
      >
        *
      </small>
      <span
        className="label-text"
      >
        checkbox 2
      </span>
    </label>
  </div>
  <div
    className="input-wrapper  validation-required  "
  >
    <label
      className="caption"
    >
      <small
        className="required"
      >
        *
      </small>
      <span
        className="label-text"
      >
        Select
      </span>
    </label>
    <div
      className="input-container"
    >
      <select
        name="myselect"
        onChange={[Function]}
        onClick={[Function]}
        value=""
      >
        <option
          value="select1"
        >
          select1 1
        </option>
        <option
          value="select2"
        >
          select1 2
        </option>
      </select>
    </div>
    <input
      name="myselect_label"
      type="hidden"
      value=""
    />
  </div>
  <div
    className="tag-ds inline-input-container radio-container  validation-required  "
  >
    <input
      checked={false}
      name="radio"
      onChange={[Function]}
      type="radio"
      value="valueRadio1"
    />
    <label
      className=""
    >
      <small
        className="required"
      >
        *
      </small>
      <span
        className="label-text"
      >
        Radio 1
      </span>
    </label>
  </div>
  <div
    className="tag-ds inline-input-container radio-container  validation-required  radio2"
  >
    <input
      checked={false}
      name="radio"
      onChange={[Function]}
      type="radio"
      value="value 2"
    />
    <label
      className=""
    >
      <small
        className="required"
      >
        *
      </small>
      <span
        className="label-text"
      >
        Radio 2
      </span>
    </label>
  </div>
  <input
    type="submit"
    value="Submit"
  />
</form>
`;
