// Jest Snapshot v1, https://goo.gl/fbAQLP

exports[`Radio Input should render 1`] = `
<div
  className="tag-ds inline-input-container radio-container  validation-required  form-control"
>
  <input
    checked={false}
    name="myRadio"
    onChange={[Function]}
    type="radio"
    value="radio1"
  />
  <label
    className=""
  >
    <small
      className="required"
    >
      *
    </small>
    <span
      className="label-text"
    >
      radio 1
    </span>
  </label>
</div>
`;
