// Jest Snapshot v1, https://goo.gl/fbAQLP

exports[`Select Input should render 1`] = `
<div
  className="input-wrapper  validation-required  form-control"
>
  <div
    className="input-container"
  >
    <select
      name="myselect"
      onChange={[Function]}
      onClick={[Function]}
      value="first"
    >
      <option
        value=""
      >
        Select
      </option>
      <option
        value="first"
      >
        First Option
      </option>
      <option
        value="second"
      >
        Second Option
      </option>
    </select>
  </div>
  <input
    name="myselect_label"
    type="hidden"
    value=""
  />
</div>
`;
