// Jest Snapshot v1, https://goo.gl/fbAQLP

exports[`Should match snapshot 1`] = `
Array [
  <div
    className="input-wrapper  loading "
  >
    <label
      className="caption"
    >
      
      <span
        className="label-text"
      >
        Text input
      </span>
    </label>
    <textarea
      name="Text input name"
      onChange={[Function]}
      placeholder=""
      value="Text input value"
    />
  </div>,
  <div
    className="input-wrapper   error"
  >
    <label
      className="caption"
    >
      
      <span
        className="label-text"
      >
        Text input error
      </span>
    </label>
    <textarea
      name="input name"
      onChange={[Function]}
      placeholder=""
      value="input value"
    />
    <div
      className="input-error"
    >
      Required
    </div>
  </div>,
  <div
    className="input-wrapper   valid"
  >
    <label
      className="caption"
    >
      
      <span
        className="label-text"
      >
        Text input valid
      </span>
    </label>
    <textarea
      name="input name"
      onChange={[Function]}
      placeholder=""
      value="input value"
    />
    <div
      className="input-error"
    >
      Lorem ipsum
    </div>
  </div>,
  <div
    className="input-wrapper   error"
  >
    <label
      className="caption"
    >
      
      <span
        className="label-text"
      >
        Text input disabled
      </span>
    </label>
    <textarea
      disabled={true}
      name="Text input name"
      onChange={[Function]}
      placeholder=""
      value="Text input value"
    />
  </div>,
]
`;
