// Jest Snapshot v1, https://goo.gl/fbAQLP

exports[`render and match snapshot 1`] = `
<div
  className=.stepone-ui"
>
  <div
    className="cookie-message "
  >
    <div
      className="cookie-message-container"
    >
      <div>
        <h4
          className=""
          data-testid="header-test"
        >
          Header
        </h4>
        <div
          className="cookie-message-body "
          data-testid="body-test"
        >
          We use cookies on our website. By clicking “Accept all” you agree to the storing of cookies on your device to Improve the performance of our site, to enhance functionality and personalisation, analyse site usage and assist in our marketing efforts. By clicking “Strictly Necessary” you only agree to the storing of strictly necessary cookies in your device. No other cookies will be used. Do note however that selecting this option may result in a less optimised browsing experience. For more information please see our Cookie Policy.
        </div>
        <div
          className="cookie-message-footer "
          data-testid="footer-test"
        >
          <a
            data-testid="moreinfo-button"
            onClick={[Function]}
          >
            More Information
          </a>
        </div>
      </div>
      <div
        className="cookie-message-right"
      >
        <div
          className="cookie-message-right "
          data-testid="right-test"
        >
          <button>
            si
          </button>
          <button
            onClick={[Function]}
          >
            no
          </button>
        </div>
      </div>
    </div>
  </div>
</div>
`;
